╭─ watson-tui 0.1.0 ───────────────────────────────────────────────────────────────────────────────╮
│ Period  all frames                                                                 Total  9h 45m │
│ Filter  —                                                                  3 frames · 3 projects │
│                                                                                                  │
│                                                                                         no timer │
╰──────────────────────────────────────────────────────────────────────────────────────────────────╯
╭─ Frames ─────────────────────────────────────────────────────────────────────────────────────────╮
│ Tuesday, 2026-07-21 — 6h 30m                                                                     │
│ ▌ 09:00–11:30  2h 30m  schnaq                   dev                          a111111             │
│   13:00–17:00  4h 00m  kunde-a                  meeting                      b222222             │
│ Wednesday, 2026-07-22 — 3h 15m                                                                   │
│   10:00–13:15  3h 15m  kunde-b                  call                         c333333             │
│                                                                                                  │
│                                                                                                  │
│                                                                                                  │
│                                                                                                  │
│                                                                                                  │
│                                                                                                  │
│                                                                                                  │
│                                                                                                  │
│                                                                                                  │
│                                                                                                  │
│                                                                                                  │
│                                                                                                  │
│                                                                                                  │
│                                                                                                  │
│                                                                                                  │
╰──────────────────────────────────────────────────────────────────────────────────────────────────╯
 j/k move · ← → period · t/w/m/a day/week/month/all
 enter edit · n new · ? help · q quit · f summary · d delete · s timer · / filter · r report