╭─ watson-tui 0.1.0 ───────────────────────────────────────────────────────────────────────────────╮
│ Period  all frames                                                                 Total  9h 45m │
│ Filter  —                                                                  3 frames · 3 projects │
│                                                                                                  │
│                                                                                         no timer │
╰──────────────────────────────────────────────────────────────────────────────────────────────────╯
╭─ Summary ────────────────────────────────────────────────────────────────────────────────────────╮
│ ╭ Tuesday, 2026-07-21   6h 30m  ████████████████████████                                         │
│ ▌   kunde-a             4h 00m  ██████████████▊░░░░░░░░░                                         │
│ │     └─ meeting        4h 00m                                                                   │
│ │   schnaq              2h 30m  █████████▎░░░░░░░░░░░░░░                                         │
│ ╰     └─ dev            2h 30m                                                                   │
│                                                                                                  │
│ ╭ Wednesday, 2026-07-22 3h 15m  ████████████░░░░░░░░░░░░                                         │
│ │   kunde-b             3h 15m  ████████████░░░░░░░░░░░░                                         │
│ ╰     └─ call           3h 15m                                                                   │
│                                                                                                  │
│                                                                                                  │
│                                                                                                  │
│                                                                                                  │
│                                                                                                  │
│                                                                                                  │
│                                                                                                  │
│                                                                                                  │
│                                                                                                  │
│                                                                                                  │
│                                                                                                  │
╰──────────────────────────────────────────────────────────────────────────────────────────────────╯
 j/k move · ← → period · t/w/m/a day/week/month/all
 n new · ? help · q quit · f frames · s timer · / filter · r report · o overview · R reload