╭─ watson-tui 0.1.0 ───────────────────────────────────────────────────────────────────────────────╮
│ Zeitraum  alle Frames                                                                  Frames  3 │
│ Filter  —                                                                             kein Timer │
╰──────────────────────────────────────────────────────────────────────────────────────────────────╯
╭─ Frames ─────────────────────────────────────────────────────────────────────────────────────────╮
│ Dienstag, 21.07.2026 — 6h 30m                                                                    │
│ ▌ 09:00–11:30   2h 30m  schnaq                   dev                          a111111            │
│   13:00–17:00   4h 00m  kunde-a                  meeting                      b222222            │
│ Mittwoch, 22.07.2026 — 3h 15m                                                                    │
│   10:00–13:15   3h 15m  kunde-b                  call                         c333333            │
│                                                                                                  │
│                                                                                                  │
│                                                                                                  │
│                                                                                                  │
│                                                                                                  │
│                                                                                                  │
│                                                                                                  │
│                                                                                                  │
│                                                                                                  │
│                                                                                                  │
│                                                                                                  │
│                                                                                                  │
│                                                                                                  │
│                                                                                                  │
│                                                                                                  │
│                                                                                                  │
│                                                                                                  │
│                                                                                                  │
╰──────────────────────────────────────────────────────────────────────────────────────────────────╯
 j/k bewegen · enter bearbeiten · ? hilfe · q ende · n neu · d löschen · s timer · / filtern